---
source: pisshoff-server/src/command/uname.rs
expression: output
---
Linux

