---
source: pisshoff-server/src/command/scp.rs
expression: state.audit_log()
---
AuditLog {
    connection_id: 01020304-0506-0708-090a-0b0c0d0e0f10,
    peer_address: Some(
        127.0.0.1:1234,
    ),
    environment_variables: [],
    events: [
        AuditLogEvent {
            start_offset: [stripped],
            action: WriteFile(
                WriteFileEvent {
                    path: "hello/hello.txt",
                    content: b"hello world",
                },
            ),
        },
    ],
}
