---
source: pisshoff-server/src/command/uname.rs
expression: output
---
uname: extra operand 'oper'
Try 'uname --help' for more information.

