---
source: pisshoff-server/src/command/uname.rs
expression: output
---
Linux cd5079c0d642

